addons\talag_i_des\data\preview\talag_i_des_aaspecialist.png
addons\talag_i_des\data\preview\talag_i_des_ah6m.png
addons\talag_i_des\data\preview\talag_i_des_amgspecialist.png
addons\talag_i_des\data\preview\talag_i_des_ammarksman.png
addons\talag_i_des\data\preview\talag_i_des_atawspecialist.png
addons\talag_i_des\data\preview\talag_i_des_atrifleman.png
addons\talag_i_des\data\preview\talag_i_des_atspecialist.png
addons\talag_i_des\data\preview\talag_i_des_atwspecialist.png
addons\talag_i_des\data\preview\talag_i_des_autorifleman.png
addons\talag_i_des\data\preview\talag_i_des_bmp2.png
addons\talag_i_des\data\preview\talag_i_des_brdm2.png
addons\talag_i_des\data\preview\talag_i_des_breacher.png
addons\talag_i_des\data\preview\talag_i_des_btr60pb.png
addons\talag_i_des\data\preview\talag_i_des_ch47f.png
addons\talag_i_des\data\preview\talag_i_des_crewman.png
addons\talag_i_des\data\preview\talag_i_des_demoman.png
addons\talag_i_des\data\preview\talag_i_des_desigmarksman.png
addons\talag_i_des\data\preview\talag_i_des_engineer.png
addons\talag_i_des\data\preview\talag_i_des_grenadier.png
addons\talag_i_des\data\preview\talag_i_des_hcrewman.png
addons\talag_i_des\data\preview\talag_i_des_hmmwv.png
addons\talag_i_des\data\preview\talag_i_des_hmmwvaa.png
addons\talag_i_des\data\preview\talag_i_des_hmmwvm2.png
addons\talag_i_des\data\preview\talag_i_des_hmmwvmk19.png
addons\talag_i_des\data\preview\talag_i_des_hmmwvtow.png
addons\talag_i_des\data\preview\talag_i_des_hmmwvtrans.png
addons\talag_i_des\data\preview\talag_i_des_hpilot.png
addons\talag_i_des\data\preview\talag_i_des_hvymarksman.png
addons\talag_i_des\data\preview\talag_i_des_jpilot.png
addons\talag_i_des\data\preview\talag_i_des_ka50.png
addons\talag_i_des\data\preview\talag_i_des_kamaz.png
addons\talag_i_des\data\preview\talag_i_des_kamazammo.png
addons\talag_i_des\data\preview\talag_i_des_kamazfuel.png
addons\talag_i_des\data\preview\talag_i_des_kamazrepair.png
addons\talag_i_des\data\preview\talag_i_des_l39za.png
addons\talag_i_des\data\preview\talag_i_des_leader.png
addons\talag_i_des\data\preview\talag_i_des_m113a3m2.png
addons\talag_i_des\data\preview\talag_i_des_m1220m2.png
addons\talag_i_des\data\preview\talag_i_des_m1220mk19.png
addons\talag_i_des\data\preview\talag_i_des_m163a1.png
addons\talag_i_des\data\preview\talag_i_des_m60a3.png
addons\talag_i_des\data\preview\talag_i_des_medic.png
addons\talag_i_des\data\preview\talag_i_des_mgawspecialist.png
addons\talag_i_des\data\preview\talag_i_des_mgspecialist.png
addons\talag_i_des\data\preview\talag_i_des_mgwspecialist.png
addons\talag_i_des\data\preview\talag_i_des_mi8.png
addons\talag_i_des\data\preview\talag_i_des_motawspecialist.png
addons\talag_i_des\data\preview\talag_i_des_motwspecialist.png
addons\talag_i_des\data\preview\talag_i_des_mrzr4.png
addons\talag_i_des\data\preview\talag_i_des_mtlb.png
addons\talag_i_des\data\preview\talag_i_des_officer.png
addons\talag_i_des\data\preview\talag_i_des_paratrooper.png
addons\talag_i_des\data\preview\talag_i_des_recoperative.png
addons\talag_i_des\data\preview\talag_i_des_rifleman.png
addons\talag_i_des\data\preview\talag_i_des_rto.png
addons\talag_i_des\data\preview\talag_i_des_sniper.png
addons\talag_i_des\data\preview\talag_i_des_su25t.png
addons\talag_i_des\data\preview\talag_i_des_t90a.png
addons\talag_i_des\data\preview\talag_i_des_uaz.png
addons\talag_i_des\data\preview\talag_i_des_uh60m.png
addons\talag_i_des\data\preview\talag_i_des_uh60mdap.png
addons\talag_i_des\data\preview\talag_i_des_uh6m.png
addons\talag_i_des\data\preview\talag_i_des_yak130.png
addons\talag_i_wdl\data\preview\talag_i_wdl_aaspecialist.png
addons\talag_i_wdl\data\preview\talag_i_wdl_ah6m.png
addons\talag_i_wdl\data\preview\talag_i_wdl_amgspecialist.png
addons\talag_i_wdl\data\preview\talag_i_wdl_ammarksman.png
addons\talag_i_wdl\data\preview\talag_i_wdl_atawspecialist.png
addons\talag_i_wdl\data\preview\talag_i_wdl_atrifleman.png
addons\talag_i_wdl\data\preview\talag_i_wdl_atspecialist.png
addons\talag_i_wdl\data\preview\talag_i_wdl_atwspecialist.png
addons\talag_i_wdl\data\preview\talag_i_wdl_autorifleman.png
addons\talag_i_wdl\data\preview\talag_i_wdl_bmp2.png
addons\talag_i_wdl\data\preview\talag_i_wdl_brdm2.png
addons\talag_i_wdl\data\preview\talag_i_wdl_breacher.png
addons\talag_i_wdl\data\preview\talag_i_wdl_btr60pb.png
addons\talag_i_wdl\data\preview\talag_i_wdl_ch47f.png
addons\talag_i_wdl\data\preview\talag_i_wdl_crewman.png
addons\talag_i_wdl\data\preview\talag_i_wdl_demoman.png
addons\talag_i_wdl\data\preview\talag_i_wdl_desigmarksman.png
addons\talag_i_wdl\data\preview\talag_i_wdl_engineer.png
addons\talag_i_wdl\data\preview\talag_i_wdl_grenadier.png
addons\talag_i_wdl\data\preview\talag_i_wdl_hcrewman.png
addons\talag_i_wdl\data\preview\talag_i_wdl_hmmwv.png
addons\talag_i_wdl\data\preview\talag_i_wdl_hmmwvaa.png
addons\talag_i_wdl\data\preview\talag_i_wdl_hmmwvm2.png
addons\talag_i_wdl\data\preview\talag_i_wdl_hmmwvmk19.png
addons\talag_i_wdl\data\preview\talag_i_wdl_hmmwvtow.png
addons\talag_i_wdl\data\preview\talag_i_wdl_hmmwvtrans.png
addons\talag_i_wdl\data\preview\talag_i_wdl_hpilot.png
addons\talag_i_wdl\data\preview\talag_i_wdl_hvymarksman.png
addons\talag_i_wdl\data\preview\talag_i_wdl_jas39.png
addons\talag_i_wdl\data\preview\talag_i_wdl_jpilot.png
addons\talag_i_wdl\data\preview\talag_i_wdl_kamaz.png
addons\talag_i_wdl\data\preview\talag_i_wdl_kamazammo.png
addons\talag_i_wdl\data\preview\talag_i_wdl_kamazfuel.png
addons\talag_i_wdl\data\preview\talag_i_wdl_kamazrepair.png
addons\talag_i_wdl\data\preview\talag_i_wdl_leader.png
addons\talag_i_wdl\data\preview\talag_i_wdl_m113a3m2.png
addons\talag_i_wdl\data\preview\talag_i_wdl_m163a1.png
addons\talag_i_wdl\data\preview\talag_i_wdl_m2high.png
addons\talag_i_wdl\data\preview\talag_i_wdl_m2low.png
addons\talag_i_wdl\data\preview\talag_i_wdl_m60a3.png
addons\talag_i_wdl\data\preview\talag_i_wdl_medic.png
addons\talag_i_wdl\data\preview\talag_i_wdl_mgawspecialist.png
addons\talag_i_wdl\data\preview\talag_i_wdl_mgspecialist.png
addons\talag_i_wdl\data\preview\talag_i_wdl_mgwspecialist.png
addons\talag_i_wdl\data\preview\talag_i_wdl_mh6m.png
addons\talag_i_wdl\data\preview\talag_i_wdl_mi8mtv3.png
addons\talag_i_wdl\data\preview\talag_i_wdl_motawspecialist.png
addons\talag_i_wdl\data\preview\talag_i_wdl_motwspecialist.png
addons\talag_i_wdl\data\preview\talag_i_wdl_mrzr4.png
addons\talag_i_wdl\data\preview\talag_i_wdl_mtlblv.png
addons\talag_i_wdl\data\preview\talag_i_wdl_officer.png
addons\talag_i_wdl\data\preview\talag_i_wdl_paratrooper.png
addons\talag_i_wdl\data\preview\talag_i_wdl_recoperative.png
addons\talag_i_wdl\data\preview\talag_i_wdl_rifleman.png
addons\talag_i_wdl\data\preview\talag_i_wdl_rto.png
addons\talag_i_wdl\data\preview\talag_i_wdl_sniper.png
addons\talag_i_wdl\data\preview\talag_i_wdl_su25t.png
addons\talag_i_wdl\data\preview\talag_i_wdl_t90a.png
addons\talag_i_wdl\data\preview\talag_i_wdl_uaz.png
addons\talag_i_wdl\data\preview\talag_i_wdl_uh60m.png
addons\talag_i_wdl\data\preview\talag_i_wdl_uh60mdap.png
addons\talag_i_wdl\data\preview\talag_i_wdl_wiesel2aa.png
addons\talag_i_wdl\data\preview\talag_i_wdl_wiesel2atgm.png
addons\talag_i_wdl\data\preview\talag_i_wdl_wiesel2radar.png
addons\talag_o_des\data\preview\talag_o_des_aaspecialist.png
addons\talag_o_des\data\preview\talag_o_des_ah6m.png
addons\talag_o_des\data\preview\talag_o_des_amgspecialist.png
addons\talag_o_des\data\preview\talag_o_des_ammarksman.png
addons\talag_o_des\data\preview\talag_o_des_atawspecialist.png
addons\talag_o_des\data\preview\talag_o_des_atrifleman.png
addons\talag_o_des\data\preview\talag_o_des_atspecialist.png
addons\talag_o_des\data\preview\talag_o_des_atwspecialist.png
addons\talag_o_des\data\preview\talag_o_des_autorifleman.png
addons\talag_o_des\data\preview\talag_o_des_bmp2.png
addons\talag_o_des\data\preview\talag_o_des_brdm2.png
addons\talag_o_des\data\preview\talag_o_des_breacher.png
addons\talag_o_des\data\preview\talag_o_des_btr60pb.png
addons\talag_o_des\data\preview\talag_o_des_ch47f.png
addons\talag_o_des\data\preview\talag_o_des_crewman.png
addons\talag_o_des\data\preview\talag_o_des_demoman.png
addons\talag_o_des\data\preview\talag_o_des_desigmarksman.png
addons\talag_o_des\data\preview\talag_o_des_engineer.png
addons\talag_o_des\data\preview\talag_o_des_grenadier.png
addons\talag_o_des\data\preview\talag_o_des_hcrewman.png
addons\talag_o_des\data\preview\talag_o_des_hmmwv.png
addons\talag_o_des\data\preview\talag_o_des_hmmwvaa.png
addons\talag_o_des\data\preview\talag_o_des_hmmwvm2.png
addons\talag_o_des\data\preview\talag_o_des_hmmwvmk19.png
addons\talag_o_des\data\preview\talag_o_des_hmmwvtow.png
addons\talag_o_des\data\preview\talag_o_des_hmmwvtrans.png
addons\talag_o_des\data\preview\talag_o_des_hpilot.png
addons\talag_o_des\data\preview\talag_o_des_hvymarksman.png
addons\talag_o_des\data\preview\talag_o_des_jpilot.png
addons\talag_o_des\data\preview\talag_o_des_ka50.png
addons\talag_o_des\data\preview\talag_o_des_kamaz.png
addons\talag_o_des\data\preview\talag_o_des_kamazammo.png
addons\talag_o_des\data\preview\talag_o_des_kamazfuel.png
addons\talag_o_des\data\preview\talag_o_des_kamazrepair.png
addons\talag_o_des\data\preview\talag_o_des_l39za.png
addons\talag_o_des\data\preview\talag_o_des_leader.png
addons\talag_o_des\data\preview\talag_o_des_m113a3m2.png
addons\talag_o_des\data\preview\talag_o_des_m1220m2.png
addons\talag_o_des\data\preview\talag_o_des_m1220mk19.png
addons\talag_o_des\data\preview\talag_o_des_m163a1.png
addons\talag_o_des\data\preview\talag_o_des_m60a3.png
addons\talag_o_des\data\preview\talag_o_des_medic.png
addons\talag_o_des\data\preview\talag_o_des_mgawspecialist.png
addons\talag_o_des\data\preview\talag_o_des_mgspecialist.png
addons\talag_o_des\data\preview\talag_o_des_mgwspecialist.png
addons\talag_o_des\data\preview\talag_o_des_mi8.png
addons\talag_o_des\data\preview\talag_o_des_motawspecialist.png
addons\talag_o_des\data\preview\talag_o_des_motwspecialist.png
addons\talag_o_des\data\preview\talag_o_des_mrzr4.png
addons\talag_o_des\data\preview\talag_o_des_mtlb.png
addons\talag_o_des\data\preview\talag_o_des_officer.png
addons\talag_o_des\data\preview\talag_o_des_paratrooper.png
addons\talag_o_des\data\preview\talag_o_des_recoperative.png
addons\talag_o_des\data\preview\talag_o_des_rifleman.png
addons\talag_o_des\data\preview\talag_o_des_rto.png
addons\talag_o_des\data\preview\talag_o_des_sniper.png
addons\talag_o_des\data\preview\talag_o_des_su25t.png
addons\talag_o_des\data\preview\talag_o_des_t90a.png
addons\talag_o_des\data\preview\talag_o_des_uaz.png
addons\talag_o_des\data\preview\talag_o_des_uh60m.png
addons\talag_o_des\data\preview\talag_o_des_uh60mdap.png
addons\talag_o_des\data\preview\talag_o_des_uh6m.png
addons\talag_o_des\data\preview\talag_o_des_yak130.png
addons\talag_o_wdl\data\preview\talag_o_wdl_aaspecialist.png
addons\talag_o_wdl\data\preview\talag_o_wdl_ah6m.png
addons\talag_o_wdl\data\preview\talag_o_wdl_amgspecialist.png
addons\talag_o_wdl\data\preview\talag_o_wdl_ammarksman.png
addons\talag_o_wdl\data\preview\talag_o_wdl_atawspecialist.png
addons\talag_o_wdl\data\preview\talag_o_wdl_atrifleman.png
addons\talag_o_wdl\data\preview\talag_o_wdl_atspecialist.png
addons\talag_o_wdl\data\preview\talag_o_wdl_atwspecialist.png
addons\talag_o_wdl\data\preview\talag_o_wdl_autorifleman.png
addons\talag_o_wdl\data\preview\talag_o_wdl_bmp2.png
addons\talag_o_wdl\data\preview\talag_o_wdl_brdm2.png
addons\talag_o_wdl\data\preview\talag_o_wdl_breacher.png
addons\talag_o_wdl\data\preview\talag_o_wdl_btr60pb.png
addons\talag_o_wdl\data\preview\talag_o_wdl_ch47f.png
addons\talag_o_wdl\data\preview\talag_o_wdl_crewman.png
addons\talag_o_wdl\data\preview\talag_o_wdl_demoman.png
addons\talag_o_wdl\data\preview\talag_o_wdl_desigmarksman.png
addons\talag_o_wdl\data\preview\talag_o_wdl_engineer.png
addons\talag_o_wdl\data\preview\talag_o_wdl_grenadier.png
addons\talag_o_wdl\data\preview\talag_o_wdl_hcrewman.png
addons\talag_o_wdl\data\preview\talag_o_wdl_hmmwv.png
addons\talag_o_wdl\data\preview\talag_o_wdl_hmmwvaa.png
addons\talag_o_wdl\data\preview\talag_o_wdl_hmmwvm2.png
addons\talag_o_wdl\data\preview\talag_o_wdl_hmmwvmk19.png
addons\talag_o_wdl\data\preview\talag_o_wdl_hmmwvtow.png
addons\talag_o_wdl\data\preview\talag_o_wdl_hmmwvtrans.png
addons\talag_o_wdl\data\preview\talag_o_wdl_hpilot.png
addons\talag_o_wdl\data\preview\talag_o_wdl_hvymarksman.png
addons\talag_o_wdl\data\preview\talag_o_wdl_jas39.png
addons\talag_o_wdl\data\preview\talag_o_wdl_jpilot.png
addons\talag_o_wdl\data\preview\talag_o_wdl_kamaz.png
addons\talag_o_wdl\data\preview\talag_o_wdl_kamazammo.png
addons\talag_o_wdl\data\preview\talag_o_wdl_kamazfuel.png
addons\talag_o_wdl\data\preview\talag_o_wdl_kamazrepair.png
addons\talag_o_wdl\data\preview\talag_o_wdl_leader.png
addons\talag_o_wdl\data\preview\talag_o_wdl_m113a3m2.png
addons\talag_o_wdl\data\preview\talag_o_wdl_m163a1.png
addons\talag_o_wdl\data\preview\talag_o_wdl_m2high.png
addons\talag_o_wdl\data\preview\talag_o_wdl_m2low.png
addons\talag_o_wdl\data\preview\talag_o_wdl_m60a3.png
addons\talag_o_wdl\data\preview\talag_o_wdl_medic.png
addons\talag_o_wdl\data\preview\talag_o_wdl_mgawspecialist.png
addons\talag_o_wdl\data\preview\talag_o_wdl_mgspecialist.png
addons\talag_o_wdl\data\preview\talag_o_wdl_mgwspecialist.png
addons\talag_o_wdl\data\preview\talag_o_wdl_mh6m.png
addons\talag_o_wdl\data\preview\talag_o_wdl_mi8mtv3.png
addons\talag_o_wdl\data\preview\talag_o_wdl_motawspecialist.png
addons\talag_o_wdl\data\preview\talag_o_wdl_motwspecialist.png
addons\talag_o_wdl\data\preview\talag_o_wdl_mrzr4.png
addons\talag_o_wdl\data\preview\talag_o_wdl_mtlblv.png
addons\talag_o_wdl\data\preview\talag_o_wdl_officer.png
addons\talag_o_wdl\data\preview\talag_o_wdl_paratrooper.png
addons\talag_o_wdl\data\preview\talag_o_wdl_recoperative.png
addons\talag_o_wdl\data\preview\talag_o_wdl_rifleman.png
addons\talag_o_wdl\data\preview\talag_o_wdl_rto.png
addons\talag_o_wdl\data\preview\talag_o_wdl_sniper.png
addons\talag_o_wdl\data\preview\talag_o_wdl_su25t.png
addons\talag_o_wdl\data\preview\talag_o_wdl_t90a.png
addons\talag_o_wdl\data\preview\talag_o_wdl_uaz.png
addons\talag_o_wdl\data\preview\talag_o_wdl_uh60m.png
addons\talag_o_wdl\data\preview\talag_o_wdl_uh60mdap.png
addons\talag_o_wdl\data\preview\talag_o_wdl_wiesel2aa.png
addons\talag_o_wdl\data\preview\talag_o_wdl_wiesel2atgm.png
addons\talag_o_wdl\data\preview\talag_o_wdl_wiesel2radar.png
